// Jest Snapshot v1, https://goo.gl/fbAQLP

exports[`Pruebas en AddCategory debe mostrarse correctamente 1`] = `
<form
  onSubmit={[Function]}
>
  <p>
     
  </p>
  <input
    onChange={[Function]}
    placeholder="Busque un GIF"
    type="text"
    value=""
  />
</form>
`;
